// Jest Snapshot v1, https://goo.gl/fbAQLP

exports[`MessageFrame should render correctly 1`] = `
<div>
  <div>
    <p>
      captain Nemo
    </p>
  </div>
  <div>
    <p>
      nemo@mail.ru
    </p>
  </div>
  <div>
    <p>
      some message
    </p>
  </div>
  <MessageTimestamp
    time="2019-12-25T16:40:12.526Z"
  />
</div>
`;
